"1","mario","1","1.10","plumber","2012-01-01","2021-01-05 13:43:11.000000"
"2","luigi","2","2.20","plumber","2012-01-13","2021-01-05 13:43:12.123000"
"3","toad","3","3.30","mushroom","2012-01-19","2021-01-05 13:43:13.456000"
"4","princess","4","4.40","royalty","2012-02-10","2021-01-05 13:43:14.489000"
"5","wario","5","5.50","badguy","2013-01-10","2021-01-05 13:43:15.234000"
"6","yoshi","6","6.60","horse?","2018-07-10","2021-01-05 13:43:27.123000"
