"2","luigi","2","2.20","plumber","2012-01-13","2021-01-05 13:43:12.123000"
"3","toad","3","3.30","mushroom","2012-01-19","2021-01-05 13:43:13.456000"