"1","luigi","2012-01-10","2021-01-05 13:43:12.123000","2021-01-05 13:43:12.123000"
"2","toad","2012-01-10","2021-01-05 13:43:13.456000","2021-01-05 13:43:13.456000"
"","","","","2021-01-05 13:43:14.489000"
