"2","2023-01-18 08:22:52.755683"
"3","2023-01-19 01:22:52.755683"
"1","2023-01-19 08:22:52.755683"